// Jest Snapshot v1, https://goo.gl/fbAQLP

exports[`<Empty /> should render/navigating correctly 1`] = `
.c3 {
  display: -webkit-inline-box;
  display: -webkit-inline-flex;
  display: -ms-inline-flexbox;
  display: inline-flex;
  -webkit-align-items: center;
  -webkit-box-align: center;
  -ms-flex-align: center;
  align-items: center;
  -webkit-box-pack: center;
  -webkit-justify-content: center;
  -ms-flex-pack: center;
  justify-content: center;
  -webkit-text-decoration: none;
  text-decoration: none;
  background-color: #B51222;
  color: #FFFFFF;
  border: 0;
  border-radius: 0.4rem;
  padding: 0.8rem;
  height: 4rem;
  font-size: 1.4rem;
  padding: 0.8rem 3.2rem;
  -webkit-transition: background-color 0.2s;
  transition: background-color 0.2s;
}

.c3:focus {
  box-shadow: 0 0 0 3px rgba(75,174,227,0.4);
  border-color: #0d6efd;
}

.c3:hover {
  background-color: #870d19;
}

.c0 {
  display: -webkit-box;
  display: -webkit-flex;
  display: -ms-flexbox;
  display: flex;
  -webkit-flex-direction: column;
  -ms-flex-direction: column;
  flex-direction: column;
  -webkit-align-items: center;
  -webkit-box-align: center;
  -ms-flex-align: center;
  align-items: center;
  text-align: center;
}

.c0 img {
  object-fit: cover;
}

.c1 {
  color: #B51222;
  font-size: 2.8rem;
}

.c2 {
  font-weight: 300;
  color: #171923;
  font-size: 1.8rem;
  margin-bottom: 3.2rem;
}

<body>
  <div>
    <div
      class="c0"
    >
      <img
        alt="Uma mulher nÃ£o encontrando um arquivo dentro de uma pasta"
        src="notFound.svg"
        width="500"
      />
      <h2
        class="c1"
      >
        A simple title
      </h2>
      <p
        class="c2"
      >
        A simple description
      </p>
      <button
        class="c3"
        color="primary"
      >
        <span>
          Ir para inicio
        </span>
      </button>
    </div>
  </div>
</body>
`;
