// Jest Snapshot v1, https://goo.gl/fbAQLP

exports[`<Checkbox /> should render with label 1`] = `
.c0 {
  cursor: pointer;
  display: -webkit-box;
  display: -webkit-flex;
  display: -ms-flexbox;
  display: flex;
  -webkit-align-items: center;
  -webkit-box-align: center;
  -ms-flex-align: center;
  align-items: center;
}

.c0 > span {
  padding-left: 0.8rem;
  color: #171923;
  line-height: 1.8rem;
}

.c1 {
  cursor: pointer;
  display: -webkit-box;
  display: -webkit-flex;
  display: -ms-flexbox;
  display: flex;
  -webkit-align-items: center;
  -webkit-box-align: center;
  -ms-flex-align: center;
  align-items: center;
  -webkit-box-pack: center;
  -webkit-justify-content: center;
  -ms-flex-pack: center;
  justify-content: center;
  -webkit-appearance: none;
  -moz-appearance: none;
  appearance: none;
  width: 1.8rem;
  height: 1.8rem;
  border: 0.2rem solid #171923;
  border-radius: 0.2rem;
  -webkit-transition: background border 0.1s ease-in-out;
  transition: background border 0.1s ease-in-out;
  position: relative;
  outline: none;
}

.c1:before {
  content: '';
  width: 0.6rem;
  height: 0.9rem;
  border: 0.2rem solid #FFFFFF;
  border-top: 0;
  border-left: 0;
  -webkit-transform: rotate(45deg);
  -ms-transform: rotate(45deg);
  transform: rotate(45deg);
  position: absolute;
  top: 0.1rem;
  opacity: 0;
  -webkit-transition: 0.1s ease-in-out;
  transition: 0.1s ease-in-out;
}

.c1:focus {
  box-shadow: 0 0 0.5rem #159CAE;
}

.c1:hover {
  border-color: #939393;
  -webkit-transition: 0.1s ease-in-out;
  transition: 0.1s ease-in-out;
}

.c1:checked {
  border-color: #159CAE;
  background: #159CAE;
}

.c1:checked:before {
  opacity: 1;
}

<label
  class="c0"
  for="check"
>
  <input
    class="c1"
    id="check"
    type="checkbox"
    value=""
  />
  <span>
    checkbox label
  </span>
</label>
`;
