// Jest Snapshot v1, https://goo.gl/fbAQLP

exports[`<Button /> should render the medium size by default 1`] = `
.c0 {
  display: -webkit-inline-box;
  display: -webkit-inline-flex;
  display: -ms-inline-flexbox;
  display: inline-flex;
  -webkit-align-items: center;
  -webkit-box-align: center;
  -ms-flex-align: center;
  align-items: center;
  -webkit-box-pack: center;
  -webkit-justify-content: center;
  -ms-flex-pack: center;
  justify-content: center;
  -webkit-text-decoration: none;
  text-decoration: none;
  background-color: #B51222;
  color: #FFFFFF;
  border: 0;
  border-radius: 0.4rem;
  padding: 0.8rem;
  height: 4rem;
  font-size: 1.4rem;
  padding: 0.8rem 3.2rem;
  -webkit-transition: background-color 0.2s;
  transition: background-color 0.2s;
}

.c0:focus {
  box-shadow: 0 0 0 3px rgba(75,174,227,0.4);
  border-color: #0d6efd;
}

.c0:hover {
  background-color: #870d19;
}

<button
  class="c0"
  color="primary"
>
  <span>
    Test
  </span>
</button>
`;
