// Jest Snapshot v1, https://goo.gl/fbAQLP

exports[`<TextField /> should render with error 1`] = `
.c2 {
  display: inline-block;
  font-size: 1.6rem;
  color: #171923;
  font-weight: 600;
  cursor: pointer;
  margin-bottom: 0.8rem;
}

.c7 {
  color: #171923;
  font-family: Open-Sans,-apple-system,BlinkMacSystemFont,'Segoe UI',Roboto,Oxygen,Ubuntu,Cantarell,'Helvetica Neue',sans-serif;
  font-size: 1.6rem;
  font-weight: 500;
  padding: 0.8rem 0;
  padding-left: 1.6rem;
  background: transparent;
  border: 0;
  outline: none;
  width: 100%;
}

.c4 {
  display: -webkit-box;
  display: -webkit-flex;
  display: -ms-flexbox;
  display: flex;
  -webkit-align-items: center;
  -webkit-box-align: center;
  -ms-flex-align: center;
  align-items: center;
  background: #E1E1E1;
  border-radius: 0.4rem;
  padding: 0 1.6rem;
  border: 0.1rem solid;
  border-color: #E1E1E1;
}

.c4:hover {
  border-color: #939393;
}

.c4:focus-within {
  border-color: #0d6efd;
  box-shadow: 0 0 0 0.2rem rgba(75,174,227,0.4);
}

.c6 {
  display: -webkit-box;
  display: -webkit-flex;
  display: -ms-flexbox;
  display: flex;
  width: 2.2rem;
  color: #939393;
  -webkit-order: 0;
  -ms-flex-order: 0;
  order: 0;
}

.c6 > svg {
  width: 100%;
}

.c8 {
  color: #dc3545;
  font-size: 1.4rem;
}

.c0 .c3 {
  border-color: #dc3545;
}

.c0 .c3:focus-within {
  box-shadow: 0 0 0 0.2rem rgba(220,53,69,0.4);
}

.c0 .c5,
.c0 .c1 {
  color: #dc3545;
}

<div
  class="c0"
>
  <label
    class="c1 c2"
    for="TextField"
  >
    TextField
  </label>
  <div
    class="c3 c4"
  >
    <div
      class="c5 c6"
    >
      <svg
        data-testid="icon"
        fill="currentColor"
        height="1em"
        stroke="currentColor"
        stroke-width="0"
        viewBox="0 0 512 512"
        width="1em"
        xmlns="http://www.w3.org/2000/svg"
      >
        <path
          d="M502.3 190.8c3.9-3.1 9.7-.2 9.7 4.7V400c0 26.5-21.5 48-48 48H48c-26.5 0-48-21.5-48-48V195.6c0-5 5.7-7.8 9.7-4.7 22.4 17.4 52.1 39.5 154.1 113.6 21.1 15.4 56.7 47.8 92.2 47.6 35.7.3 72-32.8 92.3-47.6 102-74.1 131.6-96.3 154-113.7zM256 320c23.2.4 56.6-29.2 73.4-41.4 132.7-96.3 142.8-104.7 173.4-128.7 5.8-4.5 9.2-11.5 9.2-18.9v-19c0-26.5-21.5-48-48-48H48C21.5 64 0 85.5 0 112v19c0 7.4 3.4 14.3 9.2 18.9 30.6 23.9 40.7 32.4 173.4 128.7 16.8 12.2 50.2 41.8 73.4 41.4z"
        />
      </svg>
    </div>
    <input
      class="c7"
      id="TextField"
      value=""
    />
  </div>
  <p
    class="c8"
  >
    Error message
  </p>
</div>
`;
