// Jest Snapshot v1, https://goo.gl/fbAQLP

exports[`<SelectField /> should render with error 1`] = `
.c1 {
  display: inline-block;
  font-size: 1.6rem;
  color: #171923;
  font-weight: 600;
  cursor: pointer;
  margin-bottom: 0.8rem;
  color: #dc3545;
}

.c4 {
  color: #171923;
  cursor: pointer;
  font-family: Open-Sans,-apple-system,BlinkMacSystemFont,'Segoe UI',Roboto,Oxygen,Ubuntu,Cantarell,'Helvetica Neue',sans-serif;
  font-size: 1.6rem;
  font-weight: 500;
  -webkit-appearance: none;
  -moz-appearance: none;
  appearance: none;
  border: 0;
  outline: none;
  width: 100%;
  padding: 0.8rem 4.0rem 0.8rem 12px;
  background: transparent;
}

.c3 {
  position: relative;
  border: 0.1rem solid;
  background: #FFFFFF;
  border-radius: 0.4rem;
  border-color: #939393;
}

.c3:hover {
  border-color: #212227;
}

.c3 > svg {
  color: #171923;
  position: absolute;
  right: 12px;
  top: 50%;
  -webkit-transform: translateY(-50%);
  -ms-transform: translateY(-50%);
  transform: translateY(-50%);
  width: 2rem;
  height: 1.2rem;
  pointer-events: none;
}

.c3:focus-within {
  border-color: #0d6efd;
  box-shadow: 0 0 0 0.3rem rgba(75,174,227,0.4);
}

.c5 {
  color: #dc3545;
  font-size: 1.4rem;
}

.c0 .c2 {
  border-color: #dc3545;
}

.c0 .c2:focus-within {
  box-shadow: 0 0 0 0.3rem rgba(220,53,69,0.4);
}

.c0 svg {
  color: #dc3545;
}

<div
  class="c0"
>
  <label
    class="c1"
    for="TextField"
  >
    TextField
  </label>
  <div
    class="c2 c3"
  >
    <select
      class="c4"
      id="TextField"
      name="TextField"
    />
    <svg
      fill="currentColor"
      height="1em"
      stroke="currentColor"
      stroke-width="0"
      viewBox="0 0 448 512"
      width="1em"
      xmlns="http://www.w3.org/2000/svg"
    >
      <path
        d="M207.029 381.476L12.686 187.132c-9.373-9.373-9.373-24.569 0-33.941l22.667-22.667c9.357-9.357 24.522-9.375 33.901-.04L224 284.505l154.745-154.021c9.379-9.335 24.544-9.317 33.901.04l22.667 22.667c9.373 9.373 9.373 24.569 0 33.941L240.971 381.476c-9.373 9.372-24.569 9.372-33.942 0z"
      />
    </svg>
  </div>
  <p
    class="c5"
    role="alert"
  >
    Error message
  </p>
</div>
`;
