// Jest Snapshot v1, https://goo.gl/fbAQLP

exports[`<Accordion /> should render the Accordion 1`] = `
.c2 {
  display: -webkit-box;
  display: -webkit-flex;
  display: -ms-flexbox;
  display: flex;
  -webkit-align-items: center;
  -webkit-box-align: center;
  -ms-flex-align: center;
  align-items: center;
  text-align: start;
  position: relative;
  -webkit-box-pack: justify;
  -webkit-justify-content: space-between;
  -ms-flex-pack: justify;
  justify-content: space-between;
  padding: 2.4rem;
  color: #171923;
  font-size: 1.8rem;
  border: none;
  background-color: inherit;
}

.c2 > svg {
  -webkit-transition: -webkit-transform 0.6s;
  -webkit-transition: transform 0.6s;
  transition: transform 0.6s;
}

.c3 {
  color: #171923;
  font-size: 1.8rem;
  font-weight: 500;
  overflow: hidden;
  max-height: 0;
  opacity: 0;
  pointer-events: none;
  -webkit-transition: padding 0.6s ease,opacity 0.6s ease,margin 0.6s ease;
  transition: padding 0.6s ease,opacity 0.6s ease,margin 0.6s ease;
}

.c1 {
  display: -webkit-box;
  display: -webkit-flex;
  display: -ms-flexbox;
  display: flex;
  -webkit-flex-direction: column;
  -ms-flex-direction: column;
  flex-direction: column;
  -webkit-transition: background-color 0.6s;
  transition: background-color 0.6s;
}

.c0 + .c0 {
  border-top: 1px solid rgba(18,18,18,0.3);
}

.c1:hover {
  border: 1px solid rgba(18,18,18,0.3);
  background-color: #FFFFFF;
}

<main
  class="c0 c1"
>
  <button
    class="c2"
    data-testid="accordion-header"
  >
    <h3>
      Pergunta teste
    </h3>
    <svg
      fill="currentColor"
      height="1em"
      stroke="currentColor"
      stroke-width="0"
      viewBox="0 0 320 512"
      width="1em"
      xmlns="http://www.w3.org/2000/svg"
    >
      <path
        d="M285.476 272.971L91.132 467.314c-9.373 9.373-24.569 9.373-33.941 0l-22.667-22.667c-9.357-9.357-9.375-24.522-.04-33.901L188.505 256 34.484 101.255c-9.335-9.379-9.317-24.544.04-33.901l22.667-22.667c9.373-9.373 24.569-9.373 33.941 0L285.475 239.03c9.373 9.372 9.373 24.568.001 33.941z"
      />
    </svg>
  </button>
  <div
    aria-hidden="true"
    class="c3"
    data-testid="accordion-content"
  >
    Resposta teste
  </div>
</main>
`;
